>>> add_integer = __import__('0-add_integer').add_integer

>>> add_integer(1, 1)
2

>>> add_integer(-1, -1)
-2

>>> add_integer(3.12312321, 8.12938219231)
11

>>> add_integer(1,)
99

>>> add_integer(,1)
Traceback (most recent call last):
SyntaxError: invalid syntax

>>> add_integer(1e1000, 1e1000)
Traceback (most recent call last):
OverflowError: cannot convert float infinity to integer

>>> add_integer([1, 2, 3], [4, 5, 6])
Traceback (most recent call last):
TypeError: a must be an integer

>>> add_integer((1, 2, 3), (4, 5, 6))
Traceback (most recent call last):
TypeError: a must be an integer

>>> add_integer(None, 1)
Traceback (most recent call last):
TypeError: a must be an integer

>>> add_integer(1, None)
Traceback (most recent call last):
TypeError: b must be an integer

>>> add_integer(=, +)
Traceback (most recent call last):
SyntaxError: invalid syntax
